// Jest Snapshot v1, https://goo.gl/fbAQLP

exports[`Pruebas en <GifExperApp/> debe mostrarse correctamente 1`] = `ShallowWrapper {}`;
