// Jest Snapshot v1, https://goo.gl/fbAQLP

exports[`Prubeas en <GifGridItem/> debe de mostrar el componente correctamente 1`] = `ShallowWrapper {}`;
